src/components/ui/expandable-tabs.tsx(7,10): error TS1484: 'LucideIcon' is a type and must be imported using a type-only import when 'verbatimModuleSyntax' is enabled.
src/components/ui/expandable-tabs.tsx(62,21): error TS2345: Argument of type 'RefObject<null>' is not assignable to parameter of type 'RefObject<HTMLElement> | RefObject<HTMLElement>[]'.
  Type 'RefObject<null>' is not assignable to type 'RefObject<HTMLElement>'.
    Type 'null' is not assignable to type 'HTMLElement'.
src/components/ui/expandable-tabs.tsx(103,13): error TS2322: Type '{ delay: number; type: string; bounce: number; duration: number; }' is not assignable to type 'Transition<any> | undefined'.
  Type '{ delay: number; type: string; bounce: number; duration: number; }' is not assignable to type 'TransitionWithValueOverrides<any>'.
    Type '{ delay: number; type: string; bounce: number; duration: number; }' is not assignable to type 'ValueAnimationTransition<any>'.
      Types of property 'type' are incompatible.
        Type 'string' is not assignable to type 'AnimationGeneratorType | undefined'.
src/components/ui/expandable-tabs.tsx(119,19): error TS2322: Type '{ delay: number; type: string; bounce: number; duration: number; }' is not assignable to type 'Transition<any> | undefined'.
  Type '{ delay: number; type: string; bounce: number; duration: number; }' is not assignable to type 'TransitionWithValueOverrides<any>'.
    Type '{ delay: number; type: string; bounce: number; duration: number; }' is not assignable to type 'ValueAnimationTransition<any>'.
      Types of property 'type' are incompatible.
        Type 'string' is not assignable to type 'AnimationGeneratorType | undefined'.
unleft.comp/components/contact-card.tsx(4,2): error TS1484: 'LucideIcon' is a type and must be imported using a type-only import when 'verbatimModuleSyntax' is enabled.
unleft.comp/components/contact-card.tsx(32,4): error TS2322: Type '{ children: Element[]; ref?: Ref<HTMLDivElement> | undefined; key?: Key | null | undefined; defaultChecked?: boolean | undefined; defaultValue?: string | ... 2 more ... | undefined; ... 274 more ...; className: string; }' is not assignable to type 'DetailedHTMLProps<HTMLAttributes<HTMLDivElement>, HTMLDivElement>'.
  Type '{ children: Element[]; ref?: Ref<HTMLDivElement> | undefined; key?: Key | null | undefined; defaultChecked?: boolean | undefined; defaultValue?: string | ... 2 more ... | undefined; ... 274 more ...; className: string; }' is not assignable to type 'ClassAttributes<HTMLDivElement>'.
    Types of property 'ref' are incompatible.
      Type 'import("C:/Work/unleft.space/unleft.comp/node_modules/@types/react/index").Ref<HTMLDivElement> | undefined' is not assignable to type 'React.Ref<HTMLDivElement> | undefined'.
        Type '(instance: HTMLDivElement | null) => void | (() => VoidOrUndefinedOnly)' is not assignable to type 'Ref<HTMLDivElement> | undefined'.
          Type '(instance: HTMLDivElement | null) => void | (() => VoidOrUndefinedOnly)' is not assignable to type '(instance: HTMLDivElement | null) => void | (() => VoidOrUndefinedOnly)'. Two different types with this name exist, but they are unrelated.
            Type 'void | (() => VoidOrUndefinedOnly)' is not assignable to type 'void | (() => VoidOrUndefinedOnly)'. Two different types with this name exist, but they are unrelated.
              Type '() => VoidOrUndefinedOnly' is not assignable to type 'void | (() => VoidOrUndefinedOnly)'.
                Type '() => VoidOrUndefinedOnly' is not assignable to type '() => VoidOrUndefinedOnly'. Two different types with this name exist, but they are unrelated.
                  Type 'VoidOrUndefinedOnly' is not assignable to type 'VoidOrUndefinedOnly'. Two different types with this name exist, but they are unrelated.
                    Type '{ [UNDEFINED_VOID_ONLY]: never; }' is not assignable to type 'VoidOrUndefinedOnly'.
unleft.comp/components/contact-card.tsx(53,21): error TS2322: Type 'Key | null' is not assignable to type 'string | number | bigint | null | undefined'.
  Type 'unique symbol' is not assignable to type 'string | number | bigint | null | undefined'.
unleft.comp/components/contact-card.tsx(78,4): error TS2322: Type '{ children: Element[]; ref?: Ref<HTMLDivElement> | undefined; key?: Key | null | undefined; defaultChecked?: boolean | undefined; defaultValue?: string | ... 2 more ... | undefined; ... 275 more ...; className: string; }' is not assignable to type 'DetailedHTMLProps<HTMLAttributes<HTMLDivElement>, HTMLDivElement>'.
  Type '{ children: Element[]; ref?: Ref<HTMLDivElement> | undefined; key?: Key | null | undefined; defaultChecked?: boolean | undefined; defaultValue?: string | ... 2 more ... | undefined; ... 275 more ...; className: string; }' is not assignable to type 'ClassAttributes<HTMLDivElement>'.
    Types of property 'ref' are incompatible.
      Type 'import("C:/Work/unleft.space/unleft.comp/node_modules/@types/react/index").Ref<HTMLDivElement> | undefined' is not assignable to type 'React.Ref<HTMLDivElement> | undefined'.
        Type '(instance: HTMLDivElement | null) => void | (() => VoidOrUndefinedOnly)' is not assignable to type 'Ref<HTMLDivElement> | undefined'.
          Type '(instance: HTMLDivElement | null) => void | (() => VoidOrUndefinedOnly)' is not assignable to type '(instance: HTMLDivElement | null) => void | (() => VoidOrUndefinedOnly)'. Two different types with this name exist, but they are unrelated.
            Type 'void | (() => VoidOrUndefinedOnly)' is not assignable to type 'void | (() => VoidOrUndefinedOnly)'. Two different types with this name exist, but they are unrelated.
              Type '() => VoidOrUndefinedOnly' is not assignable to type 'void | (() => VoidOrUndefinedOnly)'.
                Type '() => VoidOrUndefinedOnly' is not assignable to type '() => VoidOrUndefinedOnly'. Two different types with this name exist, but they are unrelated.
                  Type 'VoidOrUndefinedOnly' is not assignable to type 'VoidOrUndefinedOnly'. Two different types with this name exist, but they are unrelated.
                    Type '{ [UNDEFINED_VOID_ONLY]: never; }' is not assignable to type 'VoidOrUndefinedOnly'.
unleft.comp/components/cookie-banner-1.tsx(65,20): error TS2783: 'necessary' is specified more than once, so this usage will be overwritten.
unleft.comp/components/cookie-banner-1.tsx(65,48): error TS1117: An object literal cannot have multiple properties with the same name.
unleft.comp/components/etheral-shadow.tsx(3,43): error TS1484: 'CSSProperties' is a type and must be imported using a type-only import when 'verbatimModuleSyntax' is enabled.
unleft.comp/components/etheral-shadow.tsx(4,35): error TS1484: 'AnimationPlaybackControls' is a type and must be imported using a type-only import when 'verbatimModuleSyntax' is enabled.
unleft.comp/components/flickering-footer.tsx(4,10): error TS1484: 'ClassValue' is a type and must be imported using a type-only import when 'verbatimModuleSyntax' is enabled.
unleft.comp/components/flip-card.tsx(226,14): error TS2322: Type '{ children: string; jsx: true; }' is not assignable to type 'DetailedHTMLProps<StyleHTMLAttributes<HTMLStyleElement>, HTMLStyleElement>'.
  Property 'jsx' does not exist on type 'DetailedHTMLProps<StyleHTMLAttributes<HTMLStyleElement>, HTMLStyleElement>'.
unleft.comp/components/grid-feature-cards.tsx(18,4): error TS2322: Type '{ children: Element[]; ref?: Ref<HTMLDivElement> | undefined; key?: Key | null | undefined; defaultChecked?: boolean | undefined; defaultValue?: string | ... 2 more ... | undefined; ... 275 more ...; className: string; }' is not assignable to type 'DetailedHTMLProps<HTMLAttributes<HTMLDivElement>, HTMLDivElement>'.
  Type '{ children: Element[]; ref?: Ref<HTMLDivElement> | undefined; key?: Key | null | undefined; defaultChecked?: boolean | undefined; defaultValue?: string | ... 2 more ... | undefined; ... 275 more ...; className: string; }' is not assignable to type 'ClassAttributes<HTMLDivElement>'.
    Types of property 'ref' are incompatible.
      Type 'import("C:/Work/unleft.space/unleft.comp/node_modules/@types/react/index").Ref<HTMLDivElement> | undefined' is not assignable to type 'React.Ref<HTMLDivElement> | undefined'.
        Type '(instance: HTMLDivElement | null) => void | (() => VoidOrUndefinedOnly)' is not assignable to type 'Ref<HTMLDivElement> | undefined'.
          Type '(instance: HTMLDivElement | null) => void | (() => VoidOrUndefinedOnly)' is not assignable to type '(instance: HTMLDivElement | null) => void | (() => VoidOrUndefinedOnly)'. Two different types with this name exist, but they are unrelated.
            Type 'void | (() => VoidOrUndefinedOnly)' is not assignable to type 'void | (() => VoidOrUndefinedOnly)'. Two different types with this name exist, but they are unrelated.
              Type '() => VoidOrUndefinedOnly' is not assignable to type 'void | (() => VoidOrUndefinedOnly)'.
                Type '() => VoidOrUndefinedOnly' is not assignable to type '() => VoidOrUndefinedOnly'. Two different types with this name exist, but they are unrelated.
                  Type 'VoidOrUndefinedOnly' is not assignable to type 'VoidOrUndefinedOnly'. Two different types with this name exist, but they are unrelated.
                    Type '{ [UNDEFINED_VOID_ONLY]: never; }' is not assignable to type 'VoidOrUndefinedOnly'.
unleft.comp/components/grid-feature-cards.tsx(49,4): error TS2322: Type '{ children: (Element | undefined)[]; suppressHydrationWarning?: boolean | undefined; className?: string | undefined; color?: string | undefined; id?: string | undefined; lang?: string | undefined; ... 477 more ...; key?: Key | ... 1 more ... | undefined; }' is not assignable to type 'SVGProps<SVGSVGElement>'.
  Types of property 'ref' are incompatible.
    Type 'import("C:/Work/unleft.space/unleft.comp/node_modules/@types/react/index").Ref<SVGSVGElement> | undefined' is not assignable to type 'React.Ref<SVGSVGElement> | undefined'.
      Type '(instance: SVGSVGElement | null) => void | (() => VoidOrUndefinedOnly)' is not assignable to type 'Ref<SVGSVGElement> | undefined'.
        Type '(instance: SVGSVGElement | null) => void | (() => VoidOrUndefinedOnly)' is not assignable to type '(instance: SVGSVGElement | null) => void | (() => VoidOrUndefinedOnly)'. Two different types with this name exist, but they are unrelated.
          Type 'void | (() => VoidOrUndefinedOnly)' is not assignable to type 'void | (() => VoidOrUndefinedOnly)'. Two different types with this name exist, but they are unrelated.
            Type '() => VoidOrUndefinedOnly' is not assignable to type 'void | (() => VoidOrUndefinedOnly)'.
              Type '() => VoidOrUndefinedOnly' is not assignable to type '() => VoidOrUndefinedOnly'. Two different types with this name exist, but they are unrelated.
                Type 'VoidOrUndefinedOnly' is not assignable to type 'VoidOrUndefinedOnly'. Two different types with this name exist, but they are unrelated.
                  Type '{ [UNDEFINED_VOID_ONLY]: never; }' is not assignable to type 'VoidOrUndefinedOnly'.
unleft.comp/components/header-2.tsx(5,32): error TS2307: Cannot find module '@/components/menu-toggle-icon' or its corresponding type declarations.
unleft.comp/components/header-2.tsx(6,27): error TS2307: Cannot find module '@/components/use-scroll' or its corresponding type declarations.
unleft.comp/components/header-2.tsx(116,4): error TS2322: Type '{ children: Element; suppressHydrationWarning?: boolean | undefined; className?: string | undefined; color?: string | undefined; height?: string | number | undefined; id?: string | undefined; ... 481 more ...; key?: Key | ... 1 more ... | undefined; }' is not assignable to type 'SVGProps<SVGSVGElement>'.
  Types of property 'ref' are incompatible.
    Type 'import("C:/Work/unleft.space/unleft.comp/node_modules/@types/react/index").Ref<SVGSVGElement> | undefined' is not assignable to type 'React.Ref<SVGSVGElement> | undefined'.
      Type '(instance: SVGSVGElement | null) => void | (() => VoidOrUndefinedOnly)' is not assignable to type 'Ref<SVGSVGElement> | undefined'.
        Type '(instance: SVGSVGElement | null) => void | (() => VoidOrUndefinedOnly)' is not assignable to type '(instance: SVGSVGElement | null) => void | (() => VoidOrUndefinedOnly)'. Two different types with this name exist, but they are unrelated.
          Type 'void | (() => VoidOrUndefinedOnly)' is not assignable to type 'void | (() => VoidOrUndefinedOnly)'. Two different types with this name exist, but they are unrelated.
            Type '() => VoidOrUndefinedOnly' is not assignable to type 'void | (() => VoidOrUndefinedOnly)'.
              Type '() => VoidOrUndefinedOnly' is not assignable to type '() => VoidOrUndefinedOnly'. Two different types with this name exist, but they are unrelated.
                Type 'VoidOrUndefinedOnly' is not assignable to type 'VoidOrUndefinedOnly'. Two different types with this name exist, but they are unrelated.
                  Type '{ [UNDEFINED_VOID_ONLY]: never; }' is not assignable to type 'VoidOrUndefinedOnly'.
unleft.comp/components/menu-toggle-icon.tsx(22,4): error TS2322: Type '{ children: Element[]; suppressHydrationWarning?: boolean | undefined; color?: string | undefined; height?: string | number | undefined; id?: string | undefined; lang?: string | undefined; ... 481 more ...; className: string; }' is not assignable to type 'SVGProps<SVGSVGElement>'.
  Types of property 'ref' are incompatible.
    Type 'import("C:/Work/unleft.space/unleft.comp/node_modules/@types/react/index").Ref<SVGSVGElement> | undefined' is not assignable to type 'React.Ref<SVGSVGElement> | undefined'.
      Type '(instance: SVGSVGElement | null) => void | (() => VoidOrUndefinedOnly)' is not assignable to type 'Ref<SVGSVGElement> | undefined'.
        Type '(instance: SVGSVGElement | null) => void | (() => VoidOrUndefinedOnly)' is not assignable to type '(instance: SVGSVGElement | null) => void | (() => VoidOrUndefinedOnly)'. Two different types with this name exist, but they are unrelated.
          Type 'void | (() => VoidOrUndefinedOnly)' is not assignable to type 'void | (() => VoidOrUndefinedOnly)'. Two different types with this name exist, but they are unrelated.
            Type '() => VoidOrUndefinedOnly' is not assignable to type 'void | (() => VoidOrUndefinedOnly)'.
              Type '() => VoidOrUndefinedOnly' is not assignable to type '() => VoidOrUndefinedOnly'. Two different types with this name exist, but they are unrelated.
                Type 'VoidOrUndefinedOnly' is not assignable to type 'VoidOrUndefinedOnly'. Two different types with this name exist, but they are unrelated.
                  Type '{ [UNDEFINED_VOID_ONLY]: never; }' is not assignable to type 'VoidOrUndefinedOnly'.
unleft.comp/components/not-found-page-2.tsx(12,8): error TS2307: Cannot find module '@/components/empty' or its corresponding type declarations.
unleft.comp/components/spotlight-card.tsx(1,36): error TS1484: 'ReactNode' is a type and must be imported using a type-only import when 'verbatimModuleSyntax' is enabled.
unleft.comp/components/spotlight-card.tsx(95,18): error TS2339: Property 'width' does not exist on type '{ '--base': number; '--spread': number; '--radius': string; '--border': string; '--backdrop': string; '--backup-border': string; '--size': string; '--outer': string; '--border-size': string; '--spotlight-size': string; ... 8 more ...; touchAction: "none"; }'.
unleft.comp/components/spotlight-card.tsx(98,18): error TS2339: Property 'height' does not exist on type '{ '--base': number; '--spread': number; '--radius': string; '--border': string; '--backdrop': string; '--backup-border': string; '--size': string; '--outer': string; '--border-size': string; '--spotlight-size': string; ... 8 more ...; touchAction: "none"; }'.
unleft.comp/components/ui/animated-gradient-with-svg.tsx(3,31): error TS2307: Cannot find module '@/hooks/use-debounced-dimensions' or its corresponding type declarations.
unleft.comp/components/ui/avatar.tsx(12,4): error TS2322: Type '{ title?: string | undefined; suppressHydrationWarning?: boolean | undefined; color?: string | undefined; id?: string | undefined; lang?: string | undefined; nonce?: string | undefined; ... 275 more ...; className: string; }' is not assignable to type 'IntrinsicAttributes'.
  Types of property 'key' are incompatible.
    Type 'import("C:/Work/unleft.space/unleft.comp/node_modules/@types/react/index").Key | null | undefined' is not assignable to type 'React.Key | null | undefined'.
      Type 'unique symbol' is not assignable to type 'Key | null | undefined'.
unleft.comp/components/ui/avatar.tsx(27,4): error TS2322: Type '{ title?: string | undefined; suppressHydrationWarning?: boolean | undefined; color?: string | undefined; height?: string | number | undefined; id?: string | undefined; lang?: string | undefined; ... 288 more ...; className: string; }' is not assignable to type 'IntrinsicAttributes'.
  Types of property 'key' are incompatible.
    Type 'import("C:/Work/unleft.space/unleft.comp/node_modules/@types/react/index").Key | null | undefined' is not assignable to type 'React.Key | null | undefined'.
      Type 'unique symbol' is not assignable to type 'Key | null | undefined'.
unleft.comp/components/ui/avatar.tsx(39,4): error TS2322: Type '{ title?: string | undefined; suppressHydrationWarning?: boolean | undefined; color?: string | undefined; id?: string | undefined; lang?: string | undefined; nonce?: string | undefined; ... 276 more ...; className: string; }' is not assignable to type 'IntrinsicAttributes'.
  Types of property 'key' are incompatible.
    Type 'import("C:/Work/unleft.space/unleft.comp/node_modules/@types/react/index").Key | null | undefined' is not assignable to type 'React.Key | null | undefined'.
      Type 'unique symbol' is not assignable to type 'Key | null | undefined'.
unleft.comp/components/ui/expandable-tabs.tsx(7,10): error TS1484: 'LucideIcon' is a type and must be imported using a type-only import when 'verbatimModuleSyntax' is enabled.
unleft.comp/components/ui/expandable-tabs.tsx(60,21): error TS2345: Argument of type 'RefObject<null>' is not assignable to parameter of type 'RefObject<HTMLElement> | RefObject<HTMLElement>[]'.
  Type 'RefObject<null>' is not assignable to type 'RefObject<HTMLElement>'.
    Type 'null' is not assignable to type 'HTMLElement'.
unleft.comp/components/ui/expandable-tabs.tsx(96,13): error TS2322: Type '{ delay: number; type: string; bounce: number; duration: number; }' is not assignable to type 'Transition<any> | undefined'.
  Type '{ delay: number; type: string; bounce: number; duration: number; }' is not assignable to type 'TransitionWithValueOverrides<any>'.
    Type '{ delay: number; type: string; bounce: number; duration: number; }' is not assignable to type 'ValueAnimationTransition<any>'.
      Types of property 'type' are incompatible.
        Type 'string' is not assignable to type 'AnimationGeneratorType | undefined'.
unleft.comp/components/ui/expandable-tabs.tsx(112,19): error TS2322: Type '{ delay: number; type: string; bounce: number; duration: number; }' is not assignable to type 'Transition<any> | undefined'.
  Type '{ delay: number; type: string; bounce: number; duration: number; }' is not assignable to type 'TransitionWithValueOverrides<any>'.
    Type '{ delay: number; type: string; bounce: number; duration: number; }' is not assignable to type 'ValueAnimationTransition<any>'.
      Types of property 'type' are incompatible.
        Type 'string' is not assignable to type 'AnimationGeneratorType | undefined'.
unleft.comp/components/ui/hover-button.tsx(107,11): error TS2353: Object literal may only specify known properties, and '"--circle-start"' does not exist in type 'Properties<string | number, string & {}>'.
unleft.comp/components/ui/label.tsx(18,4): error TS2322: Type '{ title?: string | undefined; suppressHydrationWarning?: boolean | undefined; color?: string | undefined; id?: string | undefined; lang?: string | undefined; nonce?: string | undefined; ... 277 more ...; className: string; }' is not assignable to type 'IntrinsicAttributes'.
  Types of property 'key' are incompatible.
    Type 'import("C:/Work/unleft.space/unleft.comp/node_modules/@types/react/index").Key | null | undefined' is not assignable to type 'React.Key | null | undefined'.
      Type 'unique symbol' is not assignable to type 'Key | null | undefined'.
unleft.comp/components/ui/pulse-beams.tsx(88,17): error TS7031: Binding element 'beams' implicitly has an 'any' type.
unleft.comp/components/ui/pulse-beams.tsx(88,24): error TS7031: Binding element 'width' implicitly has an 'any' type.
unleft.comp/components/ui/pulse-beams.tsx(88,31): error TS7031: Binding element 'height' implicitly has an 'any' type.
unleft.comp/components/ui/pulse-beams.tsx(88,39): error TS7031: Binding element 'baseColor' implicitly has an 'any' type.
unleft.comp/components/ui/pulse-beams.tsx(88,50): error TS7031: Binding element 'accentColor' implicitly has an 'any' type.
unleft.comp/components/ui/pulse-beams.tsx(88,63): error TS7031: Binding element 'gradientColors' implicitly has an 'any' type.
unleft.comp/components/ui/pulse-beams.tsx(98,19): error TS7006: Parameter 'beam' implicitly has an 'any' type.
unleft.comp/components/ui/pulse-beams.tsx(98,25): error TS7006: Parameter 'index' implicitly has an 'any' type.
unleft.comp/components/ui/pulse-beams.tsx(111,40): error TS7006: Parameter 'point' implicitly has an 'any' type.
unleft.comp/components/ui/pulse-beams.tsx(111,47): error TS7006: Parameter 'pointIndex' implicitly has an 'any' type.
unleft.comp/components/ui/pulse-beams.tsx(125,21): error TS7006: Parameter 'beam' implicitly has an 'any' type.
unleft.comp/components/ui/pulse-beams.tsx(125,27): error TS7006: Parameter 'index' implicitly has an 'any' type.
unleft.comp/components/wireframe-dotted-globe.tsx(4,21): error TS7016: Could not find a declaration file for module 'd3'. 'C:/Work/unleft.space/unleft.comp/node_modules/d3/src/index.js' implicitly has an 'any' type.
  Try `npm i --save-dev @types/d3` if it exists or add a new declaration (.d.ts) file containing `declare module 'd3';`
unleft.comp/hooks/use-debounced-dimensions.tsx(1,31): error TS1484: 'RefObject' is a type and must be imported using a type-only import when 'verbatimModuleSyntax' is enabled.
